[
   {
      "Type":"Account",
      "Id":"123456",
      "Name":"Name1",
      "CreatedDate":"2018-05-23T20:07:41.000Z"
   },
   {
      "Type":"Account",
      "Id":"1234567",
      "Name":"Name2",
      "CreatedDate":"2018-05-08T21:02:00.000Z"
   },
   {
      "Type":"Account",
      "Id":"12345678",
      "Name":"Name3",
      "CreatedDate":"2018-05-08T21:02:00.000Z"
   }
]